'WpfDispatcherInvokeFix.exe' (CoreCLR: DefaultDomain): Loaded 'C:\Program Files\dotnet\shared\Microsoft.NETCore.App\8.0.11\System.Private.CoreLib.dll'. Skipped loading symbols. Module is optimized and the debugger option 'Just My Code' is enabled.
'WpfDispatcherInvokeFix.exe' (CoreCLR: clrhost): Loaded 'C:\Users\fakel\OneDrive\Рабочий стол\NutriTrack.Desktop\WpfDispatcherInvokeFix\bin\Debug\net8.0-windows\WpfDispatcherInvokeFix.dll'. Symbols loaded.
'WpfDispatcherInvokeFix.exe' (CoreCLR: clrhost): Loaded 'C:\Program Files\dotnet\shared\Microsoft.WindowsDesktop.App\8.0.11\PresentationFramework.dll'. Skipped loading symbols. Module is optimized and the debugger option 'Just My Code' is enabled.
'WpfDispatcherInvokeFix.exe' (CoreCLR: clrhost): Loaded 'C:\Program Files\dotnet\shared\Microsoft.WindowsDesktop.App\8.0.11\WindowsBase.dll'. Skipped loading symbols. Module is optimized and the debugger option 'Just My Code' is enabled.
'WpfDispatcherInvokeFix.exe' (CoreCLR: clrhost): Loaded 'C:\Program Files\dotnet\shared\Microsoft.NETCore.App\8.0.11\System.Runtime.dll'. Skipped loading symbols. Module is optimized and the debugger option 'Just My Code' is enabled.
'WpfDispatcherInvokeFix.exe' (CoreCLR: clrhost): Loaded 'C:\Program Files\dotnet\shared\Microsoft.WindowsDesktop.App\8.0.11\System.Xaml.dll'. Skipped loading symbols. Module is optimized and the debugger option 'Just My Code' is enabled.
'WpfDispatcherInvokeFix.exe' (CoreCLR: clrhost): Loaded 'd:\workspace\vs\common7\ide\commonextensions\microsoft\hotreload\Microsoft.Extensions.DotNetDeltaApplier.dll'. Skipped loading symbols. Module is optimized and the debugger option 'Just My Code' is enabled.
'WpfDispatcherInvokeFix.exe' (CoreCLR: clrhost): Loaded 'C:\Program Files\dotnet\shared\Microsoft.NETCore.App\8.0.11\System.IO.Pipes.dll'. Skipped loading symbols. Module is optimized and the debugger option 'Just My Code' is enabled.
'WpfDispatcherInvokeFix.exe' (CoreCLR: clrhost): Loaded 'C:\Program Files\dotnet\shared\Microsoft.NETCore.App\8.0.11\System.Linq.dll'. Skipped loading symbols. Module is optimized and the debugger option 'Just My Code' is enabled.
'WpfDispatcherInvokeFix.exe' (CoreCLR: clrhost): Loaded 'C:\Program Files\dotnet\shared\Microsoft.NETCore.App\8.0.11\System.Collections.dll'. Skipped loading symbols. Module is optimized and the debugger option 'Just My Code' is enabled.
'WpfDispatcherInvokeFix.exe' (CoreCLR: clrhost): Loaded 'C:\Program Files\dotnet\shared\Microsoft.NETCore.App\8.0.11\System.Console.dll'. Skipped loading symbols. Module is optimized and the debugger option 'Just My Code' is enabled.
'WpfDispatcherInvokeFix.exe' (CoreCLR: clrhost): Loaded 'C:\Program Files\dotnet\shared\Microsoft.NETCore.App\8.0.11\System.Threading.dll'. Skipped loading symbols. Module is optimized and the debugger option 'Just My Code' is enabled.
'WpfDispatcherInvokeFix.exe' (CoreCLR: clrhost): Loaded 'C:\Program Files\dotnet\shared\Microsoft.NETCore.App\8.0.11\System.Runtime.InteropServices.dll'. Skipped loading symbols. Module is optimized and the debugger option 'Just My Code' is enabled.
'WpfDispatcherInvokeFix.exe' (CoreCLR: clrhost): Loaded 'C:\Program Files\dotnet\shared\Microsoft.NETCore.App\8.0.11\System.Threading.Overlapped.dll'. Skipped loading symbols. Module is optimized and the debugger option 'Just My Code' is enabled.
'WpfDispatcherInvokeFix.exe' (CoreCLR: clrhost): Loaded 'C:\Program Files\dotnet\shared\Microsoft.NETCore.App\8.0.11\System.Security.AccessControl.dll'. Skipped loading symbols. Module is optimized and the debugger option 'Just My Code' is enabled.
'WpfDispatcherInvokeFix.exe' (CoreCLR: clrhost): Loaded 'C:\Program Files\dotnet\shared\Microsoft.NETCore.App\8.0.11\System.Security.Principal.Windows.dll'. Skipped loading symbols. Module is optimized and the debugger option 'Just My Code' is enabled.
'WpfDispatcherInvokeFix.exe' (CoreCLR: clrhost): Loaded 'C:\Program Files\dotnet\shared\Microsoft.NETCore.App\8.0.11\System.Security.Claims.dll'. Skipped loading symbols. Module is optimized and the debugger option 'Just My Code' is enabled.
'WpfDispatcherInvokeFix.exe' (CoreCLR: clrhost): Loaded 'C:\Program Files\dotnet\shared\Microsoft.NETCore.App\8.0.11\System.Runtime.Loader.dll'. Skipped loading symbols. Module is optimized and the debugger option 'Just My Code' is enabled.
'WpfDispatcherInvokeFix.exe' (CoreCLR: clrhost): Loaded 'D:\WorkSpace\vs\Common7\IDE\PrivateAssemblies\Runtime\Microsoft.VisualStudio.Debugger.Runtime.NetCoreApp.dll'. Skipped loading symbols. Module is optimized and the debugger option 'Just My Code' is enabled.
'WpfDispatcherInvokeFix.exe' (CoreCLR: clrhost): Loaded 'C:\Program Files\dotnet\shared\Microsoft.NETCore.App\8.0.11\netstandard.dll'. Skipped loading symbols. Module is optimized and the debugger option 'Just My Code' is enabled.
'WpfDispatcherInvokeFix.exe' (CoreCLR: clrhost): Loaded 'C:\Program Files\dotnet\shared\Microsoft.NETCore.App\8.0.11\System.Threading.ThreadPool.dll'. Skipped loading symbols. Module is optimized and the debugger option 'Just My Code' is enabled.
Step into: Stepping over non-user code 'WpfDispatcherInvokeFix.App..ctor'
'WpfDispatcherInvokeFix.exe' (CoreCLR: clrhost): Loaded 'C:\Program Files\dotnet\shared\Microsoft.NETCore.App\8.0.11\System.Diagnostics.TraceSource.dll'. Skipped loading symbols. Module is optimized and the debugger option 'Just My Code' is enabled.
'WpfDispatcherInvokeFix.exe' (CoreCLR: clrhost): Loaded 'C:\Program Files\dotnet\shared\Microsoft.NETCore.App\8.0.11\System.Collections.Concurrent.dll'. Skipped loading symbols. Module is optimized and the debugger option 'Just My Code' is enabled.
'WpfDispatcherInvokeFix.exe' (CoreCLR: clrhost): Loaded 'C:\Program Files\dotnet\shared\Microsoft.WindowsDesktop.App\8.0.11\System.IO.Packaging.dll'. Skipped loading symbols. Module is optimized and the debugger option 'Just My Code' is enabled.
'WpfDispatcherInvokeFix.exe' (CoreCLR: clrhost): Loaded 'C:\Program Files\dotnet\shared\Microsoft.NETCore.App\8.0.11\System.Text.RegularExpressions.dll'. Skipped loading symbols. Module is optimized and the debugger option 'Just My Code' is enabled.
'WpfDispatcherInvokeFix.exe' (CoreCLR: clrhost): Loaded 'C:\Program Files\dotnet\shared\Microsoft.NETCore.App\8.0.11\System.Private.Uri.dll'. Skipped loading symbols. Module is optimized and the debugger option 'Just My Code' is enabled.
'WpfDispatcherInvokeFix.exe' (CoreCLR: clrhost): Loaded 'C:\Program Files\dotnet\shared\Microsoft.WindowsDesktop.App\8.0.11\PresentationCore.dll'. Skipped loading symbols. Module is optimized and the debugger option 'Just My Code' is enabled.
'WpfDispatcherInvokeFix.exe' (CoreCLR: clrhost): Loaded 'C:\Program Files\dotnet\shared\Microsoft.NETCore.App\8.0.11\System.Memory.dll'. Skipped loading symbols. Module is optimized and the debugger option 'Just My Code' is enabled.
'WpfDispatcherInvokeFix.exe' (CoreCLR: clrhost): Loaded 'C:\Program Files\dotnet\shared\Microsoft.WindowsDesktop.App\8.0.11\DirectWriteForwarder.dll'. Skipped loading symbols. Module is optimized and the debugger option 'Just My Code' is enabled.
'WpfDispatcherInvokeFix.exe' (CoreCLR: clrhost): Loaded 'C:\Program Files\dotnet\shared\Microsoft.NETCore.App\8.0.11\System.Runtime.Extensions.dll'. Skipped loading symbols. Module is optimized and the debugger option 'Just My Code' is enabled.
'WpfDispatcherInvokeFix.exe' (CoreCLR: clrhost): Loaded 'C:\Program Files\dotnet\shared\Microsoft.NETCore.App\8.0.11\System.Diagnostics.Debug.dll'. Skipped loading symbols. Module is optimized and the debugger option 'Just My Code' is enabled.
'WpfDispatcherInvokeFix.exe' (CoreCLR: clrhost): Loaded 'C:\Program Files\dotnet\shared\Microsoft.NETCore.App\8.0.11\System.Runtime.CompilerServices.VisualC.dll'. Skipped loading symbols. Module is optimized and the debugger option 'Just My Code' is enabled.
'WpfDispatcherInvokeFix.exe' (CoreCLR: clrhost): Loaded 'C:\Program Files\dotnet\shared\Microsoft.NETCore.App\8.0.11\Microsoft.Win32.Registry.dll'. Skipped loading symbols. Module is optimized and the debugger option 'Just My Code' is enabled.
'WpfDispatcherInvokeFix.exe' (CoreCLR: clrhost): Loaded 'C:\Program Files\dotnet\shared\Microsoft.NETCore.App\8.0.11\System.Collections.Specialized.dll'. Skipped loading symbols. Module is optimized and the debugger option 'Just My Code' is enabled.
'WpfDispatcherInvokeFix.exe' (CoreCLR: clrhost): Loaded 'C:\Program Files\dotnet\shared\Microsoft.NETCore.App\8.0.11\Microsoft.Win32.Primitives.dll'. Skipped loading symbols. Module is optimized and the debugger option 'Just My Code' is enabled.
'WpfDispatcherInvokeFix.exe' (CoreCLR: clrhost): Loaded 'C:\Program Files\dotnet\shared\Microsoft.NETCore.App\8.0.11\System.Collections.NonGeneric.dll'. Skipped loading symbols. Module is optimized and the debugger option 'Just My Code' is enabled.
'WpfDispatcherInvokeFix.exe' (CoreCLR: clrhost): Loaded 'C:\Program Files\dotnet\shared\Microsoft.NETCore.App\8.0.11\System.ComponentModel.Primitives.dll'. Skipped loading symbols. Module is optimized and the debugger option 'Just My Code' is enabled.
'WpfDispatcherInvokeFix.exe' (CoreCLR: clrhost): Loaded 'C:\Program Files\dotnet\shared\Microsoft.NETCore.App\8.0.11\System.Threading.Thread.dll'. Skipped loading symbols. Module is optimized and the debugger option 'Just My Code' is enabled.
'WpfDispatcherInvokeFix.exe' (CoreCLR: clrhost): Loaded 'C:\Program Files\dotnet\shared\Microsoft.WindowsDesktop.App\8.0.11\System.Configuration.ConfigurationManager.dll'. Skipped loading symbols. Module is optimized and the debugger option 'Just My Code' is enabled.
'WpfDispatcherInvokeFix.exe' (CoreCLR: clrhost): Loaded 'C:\Program Files\dotnet\shared\Microsoft.NETCore.App\8.0.11\System.Xml.ReaderWriter.dll'. Skipped loading symbols. Module is optimized and the debugger option 'Just My Code' is enabled.
'WpfDispatcherInvokeFix.exe' (CoreCLR: clrhost): Loaded 'C:\Program Files\dotnet\shared\Microsoft.NETCore.App\8.0.11\System.Private.Xml.dll'. Skipped loading symbols. Module is optimized and the debugger option 'Just My Code' is enabled.
'WpfDispatcherInvokeFix.exe' (CoreCLR: clrhost): Loaded 'C:\Program Files\dotnet\shared\Microsoft.NETCore.App\8.0.11\System.Net.WebClient.dll'. Skipped loading symbols. Module is optimized and the debugger option 'Just My Code' is enabled.
'WpfDispatcherInvokeFix.exe' (CoreCLR: clrhost): Loaded 'C:\Program Files\dotnet\shared\Microsoft.NETCore.App\8.0.11\System.Text.Encoding.Extensions.dll'. Skipped loading symbols. Module is optimized and the debugger option 'Just My Code' is enabled.
Step into: Stepping over non-user code 'WpfDispatcherInvokeFix.App.InitializeComponent'
'WpfDispatcherInvokeFix.exe' (CoreCLR: clrhost): Loaded 'C:\Program Files\dotnet\shared\Microsoft.NETCore.App\8.0.11\System.ComponentModel.dll'. Skipped loading symbols. Module is optimized and the debugger option 'Just My Code' is enabled.
'WpfDispatcherInvokeFix.exe' (CoreCLR: clrhost): Loaded 'C:\Program Files\dotnet\shared\Microsoft.NETCore.App\8.0.11\System.ComponentModel.TypeConverter.dll'. Skipped loading symbols. Module is optimized and the debugger option 'Just My Code' is enabled.
'WpfDispatcherInvokeFix.exe' (CoreCLR: clrhost): Loaded 'C:\Program Files\dotnet\shared\Microsoft.WindowsDesktop.App\8.0.11\System.Windows.Extensions.dll'. Skipped loading symbols. Module is optimized and the debugger option 'Just My Code' is enabled.
'WpfDispatcherInvokeFix.exe' (CoreCLR: clrhost): Loaded 'C:\Program Files\dotnet\shared\Microsoft.NETCore.App\8.0.11\System.ObjectModel.dll'. Skipped loading symbols. Module is optimized and the debugger option 'Just My Code' is enabled.
'WpfDispatcherInvokeFix.exe' (CoreCLR: clrhost): Loaded 'C:\Program Files\dotnet\shared\Microsoft.WindowsDesktop.App\8.0.11\UIAutomationTypes.dll'. Skipped loading symbols. Module is optimized and the debugger option 'Just My Code' is enabled.
'WpfDispatcherInvokeFix.exe' (CoreCLR: clrhost): Loaded 'C:\Program Files\dotnet\shared\Microsoft.NETCore.App\8.0.11\System.Diagnostics.Process.dll'. Skipped loading symbols. Module is optimized and the debugger option 'Just My Code' is enabled.
'WpfDispatcherInvokeFix.exe' (CoreCLR: clrhost): Loaded 'C:\Program Files\dotnet\shared\Microsoft.WindowsDesktop.App\8.0.11\PresentationFramework.Aero2.dll'. Skipped loading symbols. Module is optimized and the debugger option 'Just My Code' is enabled.
'WpfDispatcherInvokeFix.exe' (CoreCLR: clrhost): Loaded 'C:\Program Files\dotnet\shared\Microsoft.WindowsDesktop.App\8.0.11\PresentationFramework-SystemXml.dll'. Skipped loading symbols. Module is optimized and the debugger option 'Just My Code' is enabled.
'WpfDispatcherInvokeFix.exe' (CoreCLR: clrhost): Loaded 'd:\workspace\vs\common7\ide\commonextensions\microsoft\xamldiagnostics\Core\x64\Microsoft.VisualStudio.DesignTools.WpfTap.dll'. Skipped loading symbols. Module is optimized and the debugger option 'Just My Code' is enabled.
'WpfDispatcherInvokeFix.exe' (CoreCLR: clrhost): Loaded 'C:\Program Files\dotnet\shared\Microsoft.NETCore.App\8.0.11\System.Diagnostics.Tracing.dll'. Skipped loading symbols. Module is optimized and the debugger option 'Just My Code' is enabled.
'WpfDispatcherInvokeFix.exe' (CoreCLR: clrhost): Loaded 'C:\Program Files\dotnet\shared\Microsoft.NETCore.App\8.0.11\System.Threading.Tasks.dll'. Skipped loading symbols. Module is optimized and the debugger option 'Just My Code' is enabled.
'WpfDispatcherInvokeFix.exe' (CoreCLR: clrhost): Loaded 'C:\Program Files\dotnet\shared\Microsoft.NETCore.App\8.0.11\System.Runtime.Serialization.Json.dll'. Skipped loading symbols. Module is optimized and the debugger option 'Just My Code' is enabled.
'WpfDispatcherInvokeFix.exe' (CoreCLR: clrhost): Loaded 'C:\Program Files\dotnet\shared\Microsoft.NETCore.App\8.0.11\System.Private.DataContractSerialization.dll'. Skipped loading symbols. Module is optimized and the debugger option 'Just My Code' is enabled.
'WpfDispatcherInvokeFix.exe' (CoreCLR: clrhost): Loaded 'C:\Program Files\dotnet\shared\Microsoft.NETCore.App\8.0.11\System.Runtime.Serialization.Xml.dll'. Skipped loading symbols. Module is optimized and the debugger option 'Just My Code' is enabled.
'WpfDispatcherInvokeFix.exe' (CoreCLR: clrhost): Loaded 'C:\Program Files\dotnet\shared\Microsoft.NETCore.App\8.0.11\System.Runtime.Serialization.Primitives.dll'. Skipped loading symbols. Module is optimized and the debugger option 'Just My Code' is enabled.
'WpfDispatcherInvokeFix.exe' (CoreCLR: clrhost): Loaded 'C:\Program Files\dotnet\shared\Microsoft.NETCore.App\8.0.11\System.Resources.ResourceManager.dll'. Skipped loading symbols. Module is optimized and the debugger option 'Just My Code' is enabled.
'WpfDispatcherInvokeFix.exe' (CoreCLR: clrhost): Loaded 'C:\Program Files\dotnet\shared\Microsoft.NETCore.App\8.0.11\System.Reflection.Emit.ILGeneration.dll'. Skipped loading symbols. Module is optimized and the debugger option 'Just My Code' is enabled.
'WpfDispatcherInvokeFix.exe' (CoreCLR: clrhost): Loaded 'C:\Program Files\dotnet\shared\Microsoft.NETCore.App\8.0.11\System.Reflection.Emit.Lightweight.dll'. Skipped loading symbols. Module is optimized and the debugger option 'Just My Code' is enabled.
'WpfDispatcherInvokeFix.exe' (CoreCLR: clrhost): Loaded 'C:\Program Files\dotnet\shared\Microsoft.NETCore.App\8.0.11\System.Reflection.Primitives.dll'. Skipped loading symbols. Module is optimized and the debugger option 'Just My Code' is enabled.
'WpfDispatcherInvokeFix.exe' (CoreCLR: clrhost): Loaded 'C:\Program Files\dotnet\shared\Microsoft.WindowsDesktop.App\8.0.11\UIAutomationProvider.dll'. Skipped loading symbols. Module is optimized and the debugger option 'Just My Code' is enabled.
'WpfDispatcherInvokeFix.exe' (CoreCLR: clrhost): Loaded 'C:\Program Files\dotnet\shared\Microsoft.NETCore.App\8.0.11\System.Threading.Tasks.Parallel.dll'. Skipped loading symbols. Module is optimized and the debugger option 'Just My Code' is enabled.
elapsed time: 183 ms
elapsed time: 20 ms
elapsed time: 5 ms
elapsed time: 2 ms
elapsed time: 10 ms
elapsed time: 3 ms
elapsed time: 3 ms
elapsed time: 3 ms
elapsed time: 3 ms
elapsed time: 3 ms
elapsed time: 3 ms
elapsed time: 3 ms
elapsed time: 3 ms
elapsed time: 2 ms
elapsed time: 4 ms
elapsed time: 3 ms
elapsed time: 3 ms
elapsed time: 3 ms
elapsed time: 2 ms
elapsed time: 5 ms
elapsed time: 5 ms
elapsed time: 6 ms
elapsed time: 3 ms
elapsed time: 3 ms
elapsed time: 3 ms
elapsed time: 2 ms
elapsed time: 3 ms
elapsed time: 2 ms
elapsed time: 3 ms
elapsed time: 3 ms
elapsed time: 3 ms
elapsed time: 3 ms
elapsed time: 9 ms
elapsed time: 7 ms
elapsed time: 3 ms
elapsed time: 3 ms
elapsed time: 2 ms
elapsed time: 2 ms
elapsed time: 3 ms
elapsed time: 2 ms
elapsed time: 2 ms
elapsed time: 2 ms
elapsed time: 2 ms
elapsed time: 3 ms
elapsed time: 3 ms
elapsed time: 3 ms
elapsed time: 2 ms
elapsed time: 3 ms
elapsed time: 2 ms
elapsed time: 2 ms
elapsed time: 3 ms
elapsed time: 3 ms
elapsed time: 2 ms
elapsed time: 3 ms
elapsed time: 3 ms
elapsed time: 3 ms
elapsed time: 3 ms
elapsed time: 4 ms
elapsed time: 3 ms
elapsed time: 2 ms
elapsed time: 3 ms
elapsed time: 4 ms
elapsed time: 2 ms
elapsed time: 3 ms
elapsed time: 3 ms
elapsed time: 7 ms
elapsed time: 3 ms
elapsed time: 3 ms
elapsed time: 2 ms
elapsed time: 4 ms
elapsed time: 2 ms
elapsed time: 2 ms
elapsed time: 2 ms
elapsed time: 2 ms
elapsed time: 2 ms
elapsed time: 3 ms
elapsed time: 3 ms
elapsed time: 2 ms
elapsed time: 2 ms
elapsed time: 4 ms
elapsed time: 2 ms
elapsed time: 4 ms
elapsed time: 6 ms
elapsed time: 2 ms
elapsed time: 3 ms
elapsed time: 2 ms
elapsed time: 4 ms
elapsed time: 3 ms
elapsed time: 3 ms
elapsed time: 4 ms
elapsed time: 2 ms
elapsed time: 3 ms
elapsed time: 2 ms
elapsed time: 4 ms
elapsed time: 2 ms
elapsed time: 3 ms
elapsed time: 3 ms
elapsed time: 2 ms
elapsed time: 3 ms
elapsed time: 2 ms
'WpfDispatcherInvokeFix.exe' (CoreCLR: clrhost): Loaded 'C:\Program Files\dotnet\shared\Microsoft.NETCore.App\8.0.11\System.Runtime.Intrinsics.dll'. Skipped loading symbols. Module is optimized and the debugger option 'Just My Code' is enabled.
'WpfDispatcherInvokeFix.exe' (CoreCLR: clrhost): Loaded 'C:\Program Files\dotnet\shared\Microsoft.NETCore.App\8.0.11\System.Net.Requests.dll'. Skipped loading symbols. Module is optimized and the debugger option 'Just My Code' is enabled.
'WpfDispatcherInvokeFix.exe' (CoreCLR: clrhost): Loaded 'C:\Program Files\dotnet\shared\Microsoft.NETCore.App\8.0.11\System.Drawing.Primitives.dll'. Skipped loading symbols. Module is optimized and the debugger option 'Just My Code' is enabled.
